# Nmap 7.98 scan initiated Sun Sep 13 07:12:51 2026 as: /usr/lib/nmap/nmap -A -T5 -sC -sV --top-ports=1000 --oN nmaplog-1.log bricks.thm
Nmap scan report for bricks.thm (10.49.147.114)
Host is up (0.031s latency).
Not shown: 996 closed tcp ports (reset)
PORT     STATE SERVICE  VERSION
22/tcp   open  ssh      OpenSSH 8.2p1 Ubuntu 4ubuntu0.11 (Ubuntu Linux; protocol 2.0)
| ssh-hostkey: 
|   3072 f2:3c:46:ed:74:2f:3a:4c:e8:1c:f4:26:80:fc:bb:d5 (RSA)
|   256 23:6c:cc:32:61:82:75:6c:0e:ba:86:18:19:f6:20:41 (ECDSA)
|_  256 62:07:d5:73:c2:cf:44:be:ff:ae:6b:8f:c8:cc:10:f9 (ED25519)
80/tcp   open  http     Python http.server 3.5 - 3.10
|_http-title: Error response
|_http-server-header: WebSockify Python/3.8.10
443/tcp  open  ssl/http Apache httpd
| ssl-cert: Subject: organizationName=Internet Widgits Pty Ltd/stateOrProvinceName=Some-State/countryName=US
| Not valid before: 2024-04-02T11:59:14
|_Not valid after:  2025-04-02T11:59:14
|_http-title: Brick by Brick
|_ssl-date: TLS randomness does not represent time
| http-robots.txt: 1 disallowed entry 
|_/wp-admin/
|_http-server-header: Apache
|_http-generator: WordPress 6.5
| tls-alpn: 
|   h2
|_  http/1.1
3306/tcp open  mysql    MySQL (unauthorized)
Device type: general purpose|phone
Running (JUST GUESSING): Linux 4.X|5.X|2.6.X|3.X (96%), Google Android 10.X|11.X|12.X (93%)
OS CPE: cpe:/o:linux:linux_kernel:4 cpe:/o:linux:linux_kernel:5 cpe:/o:google:android:10 cpe:/o:google:android:11 cpe:/o:google:android:12 cpe:/o:linux:linux_kernel:5.4 cpe:/o:linux:linux_kernel:2.6.32 cpe:/o:linux:linux_kernel:3
Aggressive OS guesses: Linux 4.15 - 5.19 (96%), Linux 4.15 (96%), Linux 5.4 (96%), Android 10 - 12 (Linux 4.14 - 4.19) (93%), Android 10 - 11 (Linux 4.14) (92%), Android 9 - 10 (Linux 4.9 - 4.14) (92%), Android 12 (Linux 5.4) (92%), Linux 2.6.32 (92%), Linux 2.6.39 - 3.2 (92%), Linux 3.1 - 3.2 (92%)
No exact OS matches for host (test conditions non-ideal).
Network Distance: 3 hops
Service Info: OS: Linux; CPE: cpe:/o:linux:linux_kernel

TRACEROUTE (using port 53/tcp)
HOP RTT      ADDRESS
1   32.61 ms 192.168.128.1
2   ...
3   31.00 ms bricks.thm (10.49.147.114)

OS and Service detection performed. Please report any incorrect results at https://nmap.org/submit/ .
# Nmap done at Sun Sep 13 07:13:22 2026 -- 1 IP address (1 host up) scanned in 31.01 seconds
